
[1m[46m RUN [49m[22m [36mv4.0.16 [39m[90mC:/Users/Personal/Desktop/FoadsIA[39m

 [31mÔØ»[39m src/test/AdCreator.test.tsx [2m([22m[2m3 tests[22m[2m | [22m[31m1 failed[39m[2m)[22m[33m 5173[2mms[22m[39m
     [32mÔ£ô[39m renders correctly[32m 91[2mms[22m[39m
[31m     [31m├ù[31m displays variations when generating[39m[33m 5024[2mms[22m[39m
     [32mÔ£ô[39m shows empty state when no variations[32m 55[2mms[22m[39m
node.exe : 
En línea: 1 Carácter: 1
+ & "C:\Program Files\nodejs/node.exe" "C:\Program Files\nodejs/node_mo ...
+ ~~~~~~~~~~~~~~~~~~~~~~~~~~~~~~~~~~~~~~~~~~~~~~~~~~~~~~~~~~~~~~~~~~~~~
    + CategoryInfo          : NotSpecified: (:String) [], RemoteException
    + FullyQualifiedErrorId : NativeCommandError
 
[31mÔÄ»ÔÄ»ÔÄ»ÔÄ»ÔÄ»ÔÄ»ÔÄ»[39m[1m[41m Failed Tests 1 
[49m[22m[31mÔÄ»ÔÄ»ÔÄ»ÔÄ»ÔÄ»ÔÄ»ÔÄ»[39m

[41m[1m FAIL [22m[49m src/test/AdCreator.test.tsx[2m > [22mAdCreator Page[2m > 
[22mdisplays variations when generating
[31m[1mError[22m: Test timed out in 5000ms.
If this is a long-running test, pass a timeout value as the last argument or configure it 
globally with "testTimeout".[39m
[36m [2mÔØ»[22m src/test/AdCreator.test.tsx:[2m37:5[22m[39m
    [90m 35| [39m    })[33m;[39m
    [90m 36| [39m
    [90m 37| [39m    [34mit[39m([32m'displays variations when generating'[39m[33m,[39m 
[35masync[39m () [33m=>[39m {
    [90m   | [39m    [31m^[39m
    [90m 38| [39m        [35mconst[39m mockVariations [33m=[39m [
    [90m 39| [39m            {

[31m[2mÔÄ»ÔÄ»ÔÄ»ÔÄ»ÔÄ»ÔÄ»ÔÄ»ÔÄ»ÔÄ»ÔÄ»ÔÄ»ÔÄ»ÔÄ»ÔÄ»ÔÄ»ÔÄ»ÔÄ»ÔÄ»ÔÄ»ÔÄ»ÔÄ»ÔÄ»ÔÄ»ÔÄ»[1/1]ÔÄ»[22m[
39m


[2m Test Files [22m [1m[31m1 failed[39m[22m[90m (1)[39m
[2m      Tests [22m [1m[31m1 failed[39m[22m[2m | [22m[1m[32m2 passed[39m[22m[90m (3)[39m
[2m   Start at [22m 13:38:23
[2m   Duration [22m 8.62s[2m (transform 284ms, setup 234ms, import 612ms, tests 5.17s, environment 2.08s)[22m

